// Vitest Snapshot v1, https://vitest.dev/guide/snapshot.html

exports[`Hero > should render correctly 1`] = `
<div
  data-v-app=""
>
  
  <div
    class="w-full flex flex-col lg:flex-row items-center justify-center gap-6 mb-4 md:my-16"
  >
    <div>
      <div
        class="text-2xl font-light"
      >
        Software Engineer
      </div>
      <div
        class="headline-xl"
      >
        Franziska 
        <br />
         Pendzialek
      </div>
    </div>
    <div
      class="w-80 h-80 rounded-full bg-charcoal shadow flex flex-row items-center justify-center"
    >
      <img
        alt="franziska-profile-image"
        class="w-[300px] h-[300px] rounded-full"
        loading="lazy"
        src="/assets/images/hero-image.jpeg"
      />
    </div>
    <div
      class="border-l-2"
    >
      <div
        class="content-big font-light py-4 ml-4 w-72"
      >
        I'm a Software Engineer and in love with coffee, knitting and good books.
      </div>
    </div>
  </div>
  <div
    class="content-big flex flex-col md:flex-row gap-5 md:gap-4 items-center justify-evenly bg-cultured text-center pt-8 md:pt-16 px-10 md:px-auto"
  >
    <div>
      Based in 
      <br />
      <span
        class="font-bold"
      >
        Potsdam, Germany & Berlin
      </span>
    </div>
    <div>
      Experience 
      <br />
      <span
        class="font-bold"
      >
        2+ years
      </span>
    </div>
    <div>
      Focus on 
      <br />
      <span
        class="font-bold"
      >
        Product & Engineering
      </span>
    </div>
  </div>
  
</div>
`;
